[{"idx": 0, "count": 1, "name": "Intermediodorsal nucleus of the thalamus", "triplets": [289.2872216125601, 232.54422382671487, 200.14874063235155], "r": 255, "g": 144, "b": 159}, {"idx": 1, "count": 1, "name": "Field CA1", "triplets": [166.3575983200482, 232.54422382671487, 170.18405336467325], "r": 126, "g": 208, "b": 75}, {"idx": 2, "count": 1, "name": "alveus", "triplets": [151.80258120463463, 232.54422382671487, 139.26497372118678], "r": 204, "g": 204, "b": 204}, {"idx": 3, "count": 1, "name": "Ventral posterolateral nucleus of the thalamus", "triplets": [302.36268953894, 232.54422382671487, 138.13929474513685], "r": 255, "g": 128, "b": 132}, {"idx": 4, "count": 1, "name": "corpus callosum, splenium", "triplets": [173.16480676444618, 232.54422382671487, 201.6785197661734], "r": 204, "g": 204, "b": 204}, {"idx": 5, "count": 1, "name": "Posterior complex of the thalamus", "triplets": [293.42476044210474, 232.54422382671487, 170.71905167020353], "r": 255, "g": 144, "b": 159}]