[{"idx": 0, "count": 1, "name": "Midbrain", "triplets": [379.6554846650004, 189.45848375451277, 178.6886567538774], "r": 255, "g": 100, "b": 255}, {"idx": 1, "count": 2, "name": "Field CA1", "triplets": [113.49628302707788, 189.45848375451277, 146.05184414020994, 366.9803100259986, 189.45848375451277, 116.90047782696456], "r": 126, "g": 208, "b": 75}, {"idx": 2, "count": 1, "name": "Field CA3", "triplets": [378.25719613455095, 189.45848375451277, 146.9326584442673], "r": 126, "g": 208, "b": 75}, {"idx": 3, "count": 1, "name": "Posterior auditory area, layer 5", "triplets": [121.16670595345231, 189.45848375451277, 121.66252407251372], "r": 1, "g": 147, "b": 153}, {"idx": 4, "count": 1, "name": "Prosubiculum", "triplets": [107.79590535488218, 189.45848375451277, 174.98837715036564], "r": 88, "g": 186, "b": 72}]