[{"idx": 0, "count": 1, "name": "internal capsule", "triplets": [291.2481835655077, 275.6299638989171, 124.30589181057096], "r": 204, "g": 204, "b": 204}, {"idx": 1, "count": 1, "name": "Retrosplenial area, ventral part, layer 1", "triplets": [115.13079848162462, 275.6299638989171, 187.73623554444296], "r": 26, "g": 166, "b": 152}, {"idx": 2, "count": 1, "name": "cingulum bundle", "triplets": [104.81122452729532, 275.6299638989171, 155.4062851594552], "r": 204, "g": 204, "b": 204}, {"idx": 3, "count": 1, "name": "Primary somatosensory area, upper limb, layer 6a", "triplets": [106.47906929935854, 275.6299638989171, 130.52269167640543], "r": 24, "g": 128, "b": 100}, {"idx": 4, "count": 1, "name": "Anteromedial nucleus, dorsal part", "triplets": [303.3984868269286, 275.6299638989171, 195.24984904125864], "r": 255, "g": 144, "b": 159}, {"idx": 5, "count": 1, "name": "Anteromedial nucleus, ventral part", "triplets": [296.5436948351808, 275.6299638989171, 154.02615096124885], "r": 255, "g": 144, "b": 159}]