[{"idx": 0, "count": 1, "name": "Anterior cingulate area, ventral part, layer 2/3", "triplets": [142.76906805975435, 318.7157039711191, 178.28920182898295], "r": 64, "g": 166, "b": 102}, {"idx": 1, "count": 1, "name": "Septofimbrial nucleus", "triplets": [315.90068122977675, 318.7157039711191, 177.60092535146066], "r": 144, "g": 203, "b": 237}, {"idx": 2, "count": 2, "name": "Caudoputamen", "triplets": [315.90068122977675, 318.7157039711191, 145.60092535146066, 315.90068122977675, 318.7157039711191, 113.60092535146066], "r": 152, "g": 214, "b": 249}, {"idx": 3, "count": 1, "name": "cingulum bundle", "triplets": [146.43721749792098, 318.7157039711191, 150.18435737841043], "r": 204, "g": 204, "b": 204}, {"idx": 4, "count": 1, "name": "Primary somatosensory area, upper limb, layer 6a", "triplets": [150.10536693608773, 318.7157039711191, 122.07951292783781], "r": 24, "g": 128, "b": 100}]