[{"idx": 0, "count": 1, "name": "Nucleus accumbens", "triplets": [300.2227248840332, 361.8014440433213, 137.7090739071843], "r": 128, "g": 205, "b": 248}, {"idx": 1, "count": 1, "name": "Striatum", "triplets": [300.2227248840332, 361.8014440433213, 169.7090739071843], "r": 152, "g": 214, "b": 249}, {"idx": 2, "count": 1, "name": "Anterior cingulate area, ventral part, layer 1", "triplets": [148.2227248840332, 361.8014440433213, 169.7090739071843], "r": 64, "g": 166, "b": 102}, {"idx": 3, "count": 1, "name": "Primary motor area, Layer 5", "triplets": [148.2227248840332, 361.8014440433213, 105.70907390718429], "r": 31, "g": 157, "b": 90}, {"idx": 4, "count": 1, "name": "Caudoputamen", "triplets": [300.2227248840332, 361.8014440433213, 105.70907390718429], "r": 152, "g": 214, "b": 249}, {"idx": 5, "count": 1, "name": "Secondary motor area, layer 6a", "triplets": [148.2227248840332, 361.8014440433213, 137.7090739071843], "r": 31, "g": 157, "b": 90}]