[{"idx": 0, "count": 3, "name": "Caudoputamen", "triplets": [142.76906805975435, 318.7157039711191, 178.28920182898295, 146.43721749792098, 318.7157039711191, 150.18435737841043, 150.10536693608773, 318.7157039711191, 122.07951292783781], "r": 152, "g": 214, "b": 249}]