[{"idx": 0, "count": 3, "name": "Caudoputamen", "triplets": [115.13079848162462, 275.6299638989171, 187.73623554444296, 104.81122452729532, 275.6299638989171, 155.4062851594552, 106.47906929935854, 275.6299638989171, 130.52269167640543], "r": 152, "g": 214, "b": 249}]