[{"idx": 0, "count": 1, "name": "Lateral posterior nucleus of the thalamus", "triplets": [173.16480676444618, 232.54422382671487, 201.6785197661734], "r": 255, "g": 144, "b": 159}, {"idx": 1, "count": 1, "name": "Ventral posterolateral nucleus of the thalamus", "triplets": [151.80258120463463, 232.54422382671487, 139.26497372118678], "r": 255, "g": 128, "b": 132}, {"idx": 2, "count": 1, "name": "Posterior complex of the thalamus", "triplets": [166.3575983200482, 232.54422382671487, 170.18405336467325], "r": 255, "g": 144, "b": 159}]