[{"idx": 0, "count": 3, "name": "Caudoputamen", "triplets": [315.90068122977675, 318.7157039711191, 177.60092535146066, 315.90068122977675, 318.7157039711191, 145.60092535146066, 315.90068122977675, 318.7157039711191, 113.60092535146066], "r": 152, "g": 214, "b": 249}]