[{"idx": 0, "count": 6, "name": "Caudoputamen", "triplets": [142.76906805975435, 318.7157039711191, 178.28920182898295, 315.90068122977675, 318.7157039711191, 177.60092535146066, 146.43721749792098, 318.7157039711191, 150.18435737841043, 315.90068122977675, 318.7157039711191, 145.60092535146066, 150.10536693608773, 318.7157039711191, 122.07951292783781, 315.90068122977675, 318.7157039711191, 113.60092535146066], "r": 152, "g": 214, "b": 249}]