[{"idx": 0, "count": 6, "name": "Hippocampal formation", "triplets": [107.79590535488218, 189.45848375451277, 174.98837715036564, 379.6554846650004, 189.45848375451277, 178.6886567538774, 113.49628302707788, 189.45848375451277, 146.05184414020994, 378.25719613455095, 189.45848375451277, 146.9326584442673, 121.16670595345231, 189.45848375451277, 121.66252407251372, 366.9803100259986, 189.45848375451277, 116.90047782696456], "r": 129, "g": 47, "b": 180}, {"idx": 1, "count": 11, "name": "Striatum", "triplets": [106.47906929935854, 275.6299638989171, 130.52269167640543, 146.43721749792098, 318.7157039711191, 150.18435737841043, 315.90068122977675, 318.7157039711191, 145.60092535146066, 150.10536693608773, 318.7157039711191, 122.07951292783781, 315.90068122977675, 318.7157039711191, 113.60092535146066, 148.2227248840332, 361.8014440433213, 169.7090739071843, 300.2227248840332, 361.8014440433213, 169.7090739071843, 148.2227248840332, 361.8014440433213, 137.7090739071843, 300.2227248840332, 361.8014440433213, 137.7090739071843, 148.2227248840332, 361.8014440433213, 105.70907390718429, 300.2227248840332, 361.8014440433213, 105.70907390718429], "r": 103, "g": 41, "b": 6}, {"idx": 2, "count": 8, "name": "Thalamus", "triplets": [296.5436948351808, 275.6299638989171, 154.02615096124885, 291.2481835655077, 275.6299638989171, 124.30589181057096, 173.16480676444618, 232.54422382671487, 201.6785197661734, 289.2872216125601, 232.54422382671487, 200.14874063235155, 166.3575983200482, 232.54422382671487, 170.18405336467325, 293.42476044210474, 232.54422382671487, 170.71905167020353, 151.80258120463463, 232.54422382671487, 139.26497372118678, 302.36268953894, 232.54422382671487, 138.13929474513685], "r": 0, "g": 143, "b": 127}, {"idx": 3, "count": 1, "name": "fiber tracts", "triplets": [303.3984868269286, 275.6299638989171, 195.24984904125864], "r": 51, "g": 51, "b": 51}]