[{"idx": 0, "count": 1, "name": "Lateral posterior nucleus of the thalamus", "triplets": [173.16480676444618, 232.54422382671487, 201.6785197661734], "r": 255, "g": 144, "b": 159}, {"idx": 1, "count": 3, "name": "Field CA3", "triplets": [107.79590535488218, 189.45848375451277, 174.98837715036564, 113.49628302707788, 189.45848375451277, 146.05184414020994, 121.16670595345231, 189.45848375451277, 121.66252407251372], "r": 126, "g": 208, "b": 75}, {"idx": 2, "count": 6, "name": "Caudoputamen", "triplets": [106.47906929935854, 275.6299638989171, 130.52269167640543, 146.43721749792098, 318.7157039711191, 150.18435737841043, 150.10536693608773, 318.7157039711191, 122.07951292783781, 148.2227248840332, 361.8014440433213, 169.7090739071843, 148.2227248840332, 361.8014440433213, 137.7090739071843, 148.2227248840332, 361.8014440433213, 105.70907390718429], "r": 152, "g": 214, "b": 249}, {"idx": 3, "count": 1, "name": "Ventral posterolateral nucleus of the thalamus", "triplets": [151.80258120463463, 232.54422382671487, 139.26497372118678], "r": 255, "g": 128, "b": 132}, {"idx": 4, "count": 1, "name": "Posterior complex of the thalamus", "triplets": [166.3575983200482, 232.54422382671487, 170.18405336467325], "r": 255, "g": 144, "b": 159}]