[{"idx": 0, "count": 3, "name": "Hippocampal formation", "triplets": [107.79590535488218, 189.45848375451277, 174.98837715036564, 113.49628302707788, 189.45848375451277, 146.05184414020994, 121.16670595345231, 189.45848375451277, 121.66252407251372], "r": 129, "g": 47, "b": 180}, {"idx": 1, "count": 6, "name": "Striatum", "triplets": [106.47906929935854, 275.6299638989171, 130.52269167640543, 146.43721749792098, 318.7157039711191, 150.18435737841043, 150.10536693608773, 318.7157039711191, 122.07951292783781, 148.2227248840332, 361.8014440433213, 169.7090739071843, 148.2227248840332, 361.8014440433213, 137.7090739071843, 148.2227248840332, 361.8014440433213, 105.70907390718429], "r": 103, "g": 41, "b": 6}, {"idx": 2, "count": 3, "name": "Thalamus", "triplets": [173.16480676444618, 232.54422382671487, 201.6785197661734, 166.3575983200482, 232.54422382671487, 170.18405336467325, 151.80258120463463, 232.54422382671487, 139.26497372118678], "r": 0, "g": 143, "b": 127}]