[{"idx": 0, "count": 3, "name": "Hippocampal formation", "triplets": [379.6554846650004, 189.45848375451277, 178.6886567538774, 378.25719613455095, 189.45848375451277, 146.9326584442673, 366.9803100259986, 189.45848375451277, 116.90047782696456], "r": 129, "g": 47, "b": 180}, {"idx": 1, "count": 5, "name": "Striatum", "triplets": [315.90068122977675, 318.7157039711191, 145.60092535146066, 315.90068122977675, 318.7157039711191, 113.60092535146066, 300.2227248840332, 361.8014440433213, 169.7090739071843, 300.2227248840332, 361.8014440433213, 137.7090739071843, 300.2227248840332, 361.8014440433213, 105.70907390718429], "r": 103, "g": 41, "b": 6}, {"idx": 2, "count": 5, "name": "Thalamus", "triplets": [296.5436948351808, 275.6299638989171, 154.02615096124885, 291.2481835655077, 275.6299638989171, 124.30589181057096, 289.2872216125601, 232.54422382671487, 200.14874063235155, 293.42476044210474, 232.54422382671487, 170.71905167020353, 302.36268953894, 232.54422382671487, 138.13929474513685], "r": 0, "g": 143, "b": 127}, {"idx": 3, "count": 1, "name": "fiber tracts", "triplets": [303.3984868269286, 275.6299638989171, 195.24984904125864], "r": 51, "g": 51, "b": 51}]