[{"idx": 0, "count": 1, "name": "internal capsule", "triplets": [291.2481835655077, 275.6299638989171, 124.30589181057096], "r": 204, "g": 204, "b": 204}, {"idx": 1, "count": 1, "name": "Nucleus accumbens", "triplets": [300.2227248840332, 361.8014440433213, 137.7090739071843], "r": 128, "g": 205, "b": 248}, {"idx": 2, "count": 1, "name": "Intermediodorsal nucleus of the thalamus", "triplets": [289.2872216125601, 232.54422382671487, 200.14874063235155], "r": 255, "g": 144, "b": 159}, {"idx": 3, "count": 1, "name": "Anterior cingulate area, ventral part, layer 2/3", "triplets": [142.76906805975435, 318.7157039711191, 178.28920182898295], "r": 64, "g": 166, "b": 102}, {"idx": 4, "count": 1, "name": "Septofimbrial nucleus", "triplets": [315.90068122977675, 318.7157039711191, 177.60092535146066], "r": 144, "g": 203, "b": 237}, {"idx": 5, "count": 1, "name": "Midbrain", "triplets": [379.6554846650004, 189.45848375451277, 178.6886567538774], "r": 255, "g": 100, "b": 255}, {"idx": 6, "count": 3, "name": "Field CA1", "triplets": [166.3575983200482, 232.54422382671487, 170.18405336467325, 113.49628302707788, 189.45848375451277, 146.05184414020994, 366.9803100259986, 189.45848375451277, 116.90047782696456], "r": 126, "g": 208, "b": 75}, {"idx": 7, "count": 1, "name": "Field CA3", "triplets": [378.25719613455095, 189.45848375451277, 146.9326584442673], "r": 126, "g": 208, "b": 75}, {"idx": 8, "count": 1, "name": "alveus", "triplets": [151.80258120463463, 232.54422382671487, 139.26497372118678], "r": 204, "g": 204, "b": 204}, {"idx": 9, "count": 1, "name": "Striatum", "triplets": [300.2227248840332, 361.8014440433213, 169.7090739071843], "r": 152, "g": 214, "b": 249}, {"idx": 10, "count": 1, "name": "Retrosplenial area, ventral part, layer 1", "triplets": [115.13079848162462, 275.6299638989171, 187.73623554444296], "r": 26, "g": 166, "b": 152}, {"idx": 11, "count": 1, "name": "Anterior cingulate area, ventral part, layer 1", "triplets": [148.2227248840332, 361.8014440433213, 169.7090739071843], "r": 64, "g": 166, "b": 102}, {"idx": 12, "count": 1, "name": "Primary motor area, Layer 5", "triplets": [148.2227248840332, 361.8014440433213, 105.70907390718429], "r": 31, "g": 157, "b": 90}, {"idx": 13, "count": 3, "name": "Caudoputamen", "triplets": [315.90068122977675, 318.7157039711191, 145.60092535146066, 315.90068122977675, 318.7157039711191, 113.60092535146066, 300.2227248840332, 361.8014440433213, 105.70907390718429], "r": 152, "g": 214, "b": 249}, {"idx": 14, "count": 1, "name": "Ventral posterolateral nucleus of the thalamus", "triplets": [302.36268953894, 232.54422382671487, 138.13929474513685], "r": 255, "g": 128, "b": 132}, {"idx": 15, "count": 1, "name": "Posterior auditory area, layer 5", "triplets": [121.16670595345231, 189.45848375451277, 121.66252407251372], "r": 1, "g": 147, "b": 153}, {"idx": 16, "count": 2, "name": "cingulum bundle", "triplets": [104.81122452729532, 275.6299638989171, 155.4062851594552, 146.43721749792098, 318.7157039711191, 150.18435737841043], "r": 204, "g": 204, "b": 204}, {"idx": 17, "count": 2, "name": "Primary somatosensory area, upper limb, layer 6a", "triplets": [106.47906929935854, 275.6299638989171, 130.52269167640543, 150.10536693608773, 318.7157039711191, 122.07951292783781], "r": 24, "g": 128, "b": 100}, {"idx": 18, "count": 1, "name": "corpus callosum, splenium", "triplets": [173.16480676444618, 232.54422382671487, 201.6785197661734], "r": 204, "g": 204, "b": 204}, {"idx": 19, "count": 1, "name": "Posterior complex of the thalamus", "triplets": [293.42476044210474, 232.54422382671487, 170.71905167020353], "r": 255, "g": 144, "b": 159}, {"idx": 20, "count": 1, "name": "Secondary motor area, layer 6a", "triplets": [148.2227248840332, 361.8014440433213, 137.7090739071843], "r": 31, "g": 157, "b": 90}, {"idx": 21, "count": 1, "name": "Anteromedial nucleus, dorsal part", "triplets": [303.3984868269286, 275.6299638989171, 195.24984904125864], "r": 255, "g": 144, "b": 159}, {"idx": 22, "count": 1, "name": "Anteromedial nucleus, ventral part", "triplets": [296.5436948351808, 275.6299638989171, 154.02615096124885], "r": 255, "g": 144, "b": 159}, {"idx": 23, "count": 1, "name": "Prosubiculum", "triplets": [107.79590535488218, 189.45848375451277, 174.98837715036564], "r": 88, "g": 186, "b": 72}]