[{"idx": 0, "count": 6, "name": "Hippocampal formation", "triplets": [107.79590535488218, 189.45848375451277, 174.98837715036564, 379.6554846650004, 189.45848375451277, 178.6886567538774, 113.49628302707788, 189.45848375451277, 146.05184414020994, 378.25719613455095, 189.45848375451277, 146.9326584442673, 121.16670595345231, 189.45848375451277, 121.66252407251372, 366.9803100259986, 189.45848375451277, 116.90047782696456], "r": 129, "g": 47, "b": 180}]