[{"idx": 0, "count": 1, "name": "Striatum", "triplets": [106.47906929935854, 275.6299638989171, 130.52269167640543], "r": 103, "g": 41, "b": 6}, {"idx": 1, "count": 2, "name": "Thalamus", "triplets": [296.5436948351808, 275.6299638989171, 154.02615096124885, 291.2481835655077, 275.6299638989171, 124.30589181057096], "r": 0, "g": 143, "b": 127}, {"idx": 2, "count": 1, "name": "fiber tracts", "triplets": [303.3984868269286, 275.6299638989171, 195.24984904125864], "r": 51, "g": 51, "b": 51}]