[{"idx": 0, "count": 6, "name": "Thalamus", "triplets": [173.16480676444618, 232.54422382671487, 201.6785197661734, 289.2872216125601, 232.54422382671487, 200.14874063235155, 166.3575983200482, 232.54422382671487, 170.18405336467325, 293.42476044210474, 232.54422382671487, 170.71905167020353, 151.80258120463463, 232.54422382671487, 139.26497372118678, 302.36268953894, 232.54422382671487, 138.13929474513685], "r": 0, "g": 143, "b": 127}]