[{"idx": 0, "count": 1, "name": "Caudoputamen", "triplets": [106.47906929935854, 275.6299638989171, 130.52269167640543], "r": 152, "g": 214, "b": 249}]