[{"idx": 0, "count": 3, "name": "Thalamus", "triplets": [173.16480676444618, 232.54422382671487, 201.6785197661734, 166.3575983200482, 232.54422382671487, 170.18405336467325, 151.80258120463463, 232.54422382671487, 139.26497372118678], "r": 0, "g": 143, "b": 127}]