[{"idx": 0, "count": 3, "name": "Hippocampal formation", "triplets": [107.79590535488218, 189.45848375451277, 174.98837715036564, 113.49628302707788, 189.45848375451277, 146.05184414020994, 121.16670595345231, 189.45848375451277, 121.66252407251372], "r": 129, "g": 47, "b": 180}]