[{"idx": 0, "count": 1, "name": "Striatum", "triplets": [106.47906929935854, 275.6299638989171, 130.52269167640543], "r": 103, "g": 41, "b": 6}]