[{"idx": 0, "count": 2, "name": "Striatum", "triplets": [146.43721749792098, 318.7157039711191, 150.18435737841043, 150.10536693608773, 318.7157039711191, 122.07951292783781], "r": 103, "g": 41, "b": 6}]