[{"idx": 0, "count": 3, "name": "Striatum", "triplets": [148.2227248840332, 361.8014440433213, 169.7090739071843, 148.2227248840332, 361.8014440433213, 137.7090739071843, 148.2227248840332, 361.8014440433213, 105.70907390718429], "r": 103, "g": 41, "b": 6}]