[{"idx": 0, "count": 1, "name": "Lateral posterior nucleus of the thalamus", "triplets": [289.2872216125601, 232.54422382671487, 200.14874063235155], "r": 255, "g": 144, "b": 159}, {"idx": 1, "count": 1, "name": "Ventral posterolateral nucleus of the thalamus", "triplets": [302.36268953894, 232.54422382671487, 138.13929474513685], "r": 255, "g": 128, "b": 132}, {"idx": 2, "count": 1, "name": "Posterior complex of the thalamus", "triplets": [293.42476044210474, 232.54422382671487, 170.71905167020353], "r": 255, "g": 144, "b": 159}]