[{"idx": 0, "count": 1, "name": "Reticular nucleus of the thalamus", "triplets": [291.2481835655077, 275.6299638989171, 124.30589181057096], "r": 255, "g": 144, "b": 159}, {"idx": 1, "count": 1, "name": "fimbria", "triplets": [303.3984868269286, 275.6299638989171, 195.24984904125864], "r": 204, "g": 204, "b": 204}, {"idx": 2, "count": 1, "name": "Ventral posterolateral nucleus of the thalamus", "triplets": [296.5436948351808, 275.6299638989171, 154.02615096124885], "r": 255, "g": 128, "b": 132}]