[{"idx": 0, "count": 3, "name": "Caudoputamen", "triplets": [300.2227248840332, 361.8014440433213, 169.7090739071843, 300.2227248840332, 361.8014440433213, 137.7090739071843, 300.2227248840332, 361.8014440433213, 105.70907390718429], "r": 152, "g": 214, "b": 249}]