[{"idx": 0, "count": 2, "name": "Striatum", "triplets": [315.90068122977675, 318.7157039711191, 145.60092535146066, 315.90068122977675, 318.7157039711191, 113.60092535146066], "r": 103, "g": 41, "b": 6}]