[{"idx": 0, "count": 3, "name": "Thalamus", "triplets": [289.2872216125601, 232.54422382671487, 200.14874063235155, 293.42476044210474, 232.54422382671487, 170.71905167020353, 302.36268953894, 232.54422382671487, 138.13929474513685], "r": 0, "g": 143, "b": 127}]