{
    "segmentation_folder": "/home/harryc/github/PyNutil/demos/../tests/test_data/nonlinear_allen_mouse/segmentations/",
    "alignment_json": "/home/harryc/github/PyNutil/demos/../tests/test_data/nonlinear_allen_mouse/damage_markers.json",
    "colour": [
        0,
        0,
        0
    ],
    "custom_region_path": "/home/harryc/github/PyNutil/demos/../tests/test_data/nonlinear_allen_mouse/CustomRegions_fromQCAlign.txt",
    "atlas_name": "allen_mouse_25um"
}